Archive member included to satisfy reference by file (symbol)

c:/mingw/bin/../lib/gcc/mingw32/6.3.0/../../../libadvapi32.a(dchcs00434.o)
                              winstore.o (RegSetValueExA@24)
c:/mingw/bin/../lib/gcc/mingw32/6.3.0/../../../libadvapi32.a(dchcs00423.o)
                              wingss.o (RegQueryValueExA@24)
c:/mingw/bin/../lib/gcc/mingw32/6.3.0/../../../libadvapi32.a(dchcs00412.o)
                              wingss.o (RegOpenKeyA@12)
c:/mingw/bin/../lib/gcc/mingw32/6.3.0/../../../libadvapi32.a(dchcs00400.o)
                              winstore.o (RegEnumKeyA@16)
c:/mingw/bin/../lib/gcc/mingw32/6.3.0/../../../libadvapi32.a(dchcs00397.o)
                              winstore.o (RegDeleteValueA@8)
c:/mingw/bin/../lib/gcc/mingw32/6.3.0/../../../libadvapi32.a(dchcs00393.o)
                              winstore.o (RegDeleteKeyA@8)
c:/mingw/bin/../lib/gcc/mingw32/6.3.0/../../../libadvapi32.a(dchcs00390.o)
                              winstore.o (RegCreateKeyExA@36)
c:/mingw/bin/../lib/gcc/mingw32/6.3.0/../../../libadvapi32.a(dchcs00389.o)
                              winmisc.o (RegCreateKeyA@12)
c:/mingw/bin/../lib/gcc/mingw32/6.3.0/../../../libadvapi32.a(dchcs00386.o)
                              wingss.o (RegCloseKey@4)
c:/mingw/bin/../lib/gcc/mingw32/6.3.0/../../../libadvapi32.a(dchcs00245.o)
                              winmisc.o (GetUserNameA@8)
c:/mingw/bin/../lib/gcc/mingw32/6.3.0/../../../libadvapi32.a(dchch.o)
                              c:/mingw/bin/../lib/gcc/mingw32/6.3.0/../../../libadvapi32.a(dchcs00434.o) (_head_libadvapi32_a)
c:/mingw/bin/../lib/gcc/mingw32/6.3.0/../../../libadvapi32.a(dchct.o)
                              c:/mingw/bin/../lib/gcc/mingw32/6.3.0/../../../libadvapi32.a(dchch.o) (_libadvapi32_a_iname)
c:/mingw/bin/../lib/gcc/mingw32/6.3.0/../../../libcomdlg32.a(duhcs00011.o)
                              winutils.o (GetSaveFileNameA@4)
c:/mingw/bin/../lib/gcc/mingw32/6.3.0/../../../libcomdlg32.a(duhcs00009.o)
                              winutils.o (GetOpenFileNameA@4)
c:/mingw/bin/../lib/gcc/mingw32/6.3.0/../../../libcomdlg32.a(duhcs00002.o)
                              winctrls.o (ChooseFontA@4)
c:/mingw/bin/../lib/gcc/mingw32/6.3.0/../../../libcomdlg32.a(duhcs00000.o)
                              winctrls.o (ChooseColorA@4)
c:/mingw/bin/../lib/gcc/mingw32/6.3.0/../../../libcomdlg32.a(duhch.o)
                              c:/mingw/bin/../lib/gcc/mingw32/6.3.0/../../../libcomdlg32.a(duhcs00011.o) (_head_libcomdlg32_a)
c:/mingw/bin/../lib/gcc/mingw32/6.3.0/../../../libcomdlg32.a(duhct.o)
                              c:/mingw/bin/../lib/gcc/mingw32/6.3.0/../../../libcomdlg32.a(duhch.o) (_libcomdlg32_a_iname)
c:/mingw/bin/../lib/gcc/mingw32/6.3.0/../../../libgdi32.a(dpics00343.o)
                              window.o (UpdateColors@4)
c:/mingw/bin/../lib/gcc/mingw32/6.3.0/../../../libgdi32.a(dpics00342.o)
                              window.o (UnrealizeObject@4)
c:/mingw/bin/../lib/gcc/mingw32/6.3.0/../../../libgdi32.a(dpics00341.o)
                              window.o (TranslateCharsetInfo@12)
c:/mingw/bin/../lib/gcc/mingw32/6.3.0/../../../libgdi32.a(dpics00339.o)
                              sizetip.o (TextOutA@20)
c:/mingw/bin/../lib/gcc/mingw32/6.3.0/../../../libgdi32.a(dpics00323.o)
                              sizetip.o (SetTextColor@8)
c:/mingw/bin/../lib/gcc/mingw32/6.3.0/../../../libgdi32.a(dpics00321.o)
                              window.o (SetTextAlign@8)
c:/mingw/bin/../lib/gcc/mingw32/6.3.0/../../../libgdi32.a(dpics00312.o)
                              window.o (SetPixel@16)
c:/mingw/bin/../lib/gcc/mingw32/6.3.0/../../../libgdi32.a(dpics00311.o)
                              window.o (SetPaletteEntries@16)
c:/mingw/bin/../lib/gcc/mingw32/6.3.0/../../../libgdi32.a(dpics00306.o)
                              winctrls.o (SetMapMode@8)
c:/mingw/bin/../lib/gcc/mingw32/6.3.0/../../../libgdi32.a(dpics00288.o)
                              window.o (SetBkMode@8)
c:/mingw/bin/../lib/gcc/mingw32/6.3.0/../../../libgdi32.a(dpics00287.o)
                              sizetip.o (SetBkColor@8)
c:/mingw/bin/../lib/gcc/mingw32/6.3.0/../../../libgdi32.a(dpics00282.o)
                              window.o (SelectPalette@12)
c:/mingw/bin/../lib/gcc/mingw32/6.3.0/../../../libgdi32.a(dpics00281.o)
                              sizetip.o (SelectObject@8)
c:/mingw/bin/../lib/gcc/mingw32/6.3.0/../../../libgdi32.a(dpics00263.o)
                              sizetip.o (Rectangle@20)
c:/mingw/bin/../lib/gcc/mingw32/6.3.0/../../../libgdi32.a(dpics00260.o)
                              window.o (RealizePalette@4)
c:/mingw/bin/../lib/gcc/mingw32/6.3.0/../../../libgdi32.a(dpics00256.o)
                              window.o (Polyline@12)
c:/mingw/bin/../lib/gcc/mingw32/6.3.0/../../../libgdi32.a(dpics00234.o)
                              window.o (MoveToEx@16)
c:/mingw/bin/../lib/gcc/mingw32/6.3.0/../../../libgdi32.a(dpics00231.o)
[...]
Memory Configuration

Name             Origin             Length             Attributes
*default*        0x00000000         0xffffffff

Linker script and memory map

                0x00400000                __image_base__ = 0x400000
                0x00000000                __dll__ = 0x0
                0x00400000                ___ImageBase = 0x400000
                0x00001000                __section_alignment__ = 0x1000
                0x00000200                __file_alignment__ = 0x200
                0x00000004                __major_os_version__ = 0x4
                0x00000000                __minor_os_version__ = 0x0
                0x00000001                __major_image_version__ = 0x1
                0x00000000                __minor_image_version__ = 0x0
                0x00000004                __major_subsystem_version__ = 0x4
                0x00000000                __minor_subsystem_version__ = 0x0
                0x00000002                __subsystem__ = 0x2
                0x00200000                __size_of_stack_reserve__ = 0x200000
                0x00001000                __size_of_stack_commit__ = 0x1000
                0x00100000                __size_of_heap_reserve__ = 0x100000
                0x00001000                __size_of_heap_commit__ = 0x1000
                0x00000000                __loader_flags__ = 0x0
                0x00000000                __dll_characteristics__ = 0x0
LOAD c:/mingw/bin/../lib/gcc/mingw32/6.3.0/../../../crt2.o
LOAD c:/mingw/bin/../lib/gcc/mingw32/6.3.0/crtbegin.o
LOAD agentf.o
LOAD aqsync.o
LOAD be_all_s.o
LOAD be_misc.o
LOAD callback.o
LOAD cmdline.o
LOAD conf.o
LOAD config.o
LOAD cproxy.o
LOAD dialog.o
LOAD ecc.o
LOAD errsock.o
LOAD ldisc.o
LOAD logging.o
LOAD mainchan.o
LOAD marshal.o
LOAD memory.o
LOAD minibidi.o
LOAD misc.o
LOAD miscucs.o
LOAD mpint.o
LOAD nullplug.o
LOAD pgssapi.o
LOAD pinger.o
LOAD portfwd.o
LOAD proxy.o
LOAD putty.res.o
LOAD raw.o
LOAD rlogin.o
LOAD sercfg.o
LOAD sessprep.o
LOAD settings.o
LOAD sizetip.o
LOAD ssh.o
LOAD ssh1bpp.o
LOAD ssh1censor.o
LOAD ssh1connection.o
LOAD ssh1connection-client.o
LOAD ssh1login.o
LOAD ssh2bpp.o
LOAD ssh2bpp-bare.o
LOAD ssh2censor.o
LOAD ssh2connection.o
LOAD ssh2connection-client.o
LOAD ssh2kex-client.o
LOAD ssh2transhk.o
LOAD ssh2transport.o
LOAD ssh2userauth.o
LOAD sshaes.o
LOAD ssharcf.o
LOAD sshauxcrypt.o
LOAD sshblowf.o
LOAD sshccp.o
LOAD sshcommon.o
LOAD sshcrc.o
LOAD sshcrcda.o
LOAD sshdes.o
LOAD sshdh.o
LOAD sshdss.o
LOAD sshecc.o
LOAD sshgssc.o
LOAD sshhmac.o
LOAD sshmac.o
LOAD sshmd5.o
LOAD sshprng.o
LOAD sshpubk.o
LOAD sshrand.o
LOAD sshrsa.o
LOAD sshsh256.o
LOAD sshsh512.o
LOAD sshsha.o
LOAD sshshare.o
LOAD sshverstring.o
LOAD sshzlib.o
LOAD stripctrl.o
LOAD telnet.o
LOAD terminal.o
LOAD timing.o
LOAD tree234.o
LOAD utils.o
LOAD version.o
LOAD wcwidth.o
LOAD wildcard.o
LOAD wincapi.o
LOAD wincfg.o
LOAD winctrls.o
LOAD windefs.o
LOAD windlg.o
LOAD window.o
LOAD ava.o
LOAD wingss.o
LOAD winhandl.o
LOAD winhelp.o
LOAD winhsock.o
LOAD winjump.o
LOAD winmisc.o
LOAD winmiscs.o
LOAD winnet.o
LOAD winnoise.o
LOAD winnpc.o
LOAD winnps.o
LOAD winpgntc.o
LOAD winprint.o
LOAD winproxy.o
LOAD winsecur.o
LOAD winser.o
LOAD winshare.o
LOAD winstore.o
LOAD wintime.o
LOAD winucs.o
LOAD winutils.o
LOAD winx11.o
LOAD x11fwd.o
LOAD c:/mingw/bin/../lib/gcc/mingw32/6.3.0/../../../libadvapi32.a
LOAD c:/mingw/bin/../lib/gcc/mingw32/6.3.0/../../../libcomdlg32.a
LOAD c:/mingw/bin/../lib/gcc/mingw32/6.3.0/../../../libgdi32.a
LOAD c:/mingw/bin/../lib/gcc/mingw32/6.3.0/../../../libimm32.a
LOAD c:/mingw/bin/../lib/gcc/mingw32/6.3.0/../../../libole32.a
LOAD c:/mingw/bin/../lib/gcc/mingw32/6.3.0/../../../libshell32.a
LOAD c:/mingw/bin/../lib/gcc/mingw32/6.3.0/../../../libuser32.a
LOAD c:/mingw/bin/../lib/gcc/mingw32/6.3.0/../../../libmingw32.a
LOAD c:/mingw/bin/../lib/gcc/mingw32/6.3.0/libgcc.a
LOAD c:/mingw/bin/../lib/gcc/mingw32/6.3.0/libgcc_eh.a
LOAD c:/mingw/bin/../lib/gcc/mingw32/6.3.0/../../../libmoldname.a
LOAD c:/mingw/bin/../lib/gcc/mingw32/6.3.0/../../../libmingwex.a
LOAD c:/mingw/bin/../lib/gcc/mingw32/6.3.0/../../../libmsvcrt.a
LOAD c:/mingw/bin/../lib/gcc/mingw32/6.3.0/../../../libgdi32.a
LOAD c:/mingw/bin/../lib/gcc/mingw32/6.3.0/../../../libcomdlg32.a
LOAD c:/mingw/bin/../lib/gcc/mingw32/6.3.0/../../../libadvapi32.a
LOAD c:/mingw/bin/../lib/gcc/mingw32/6.3.0/../../../libshell32.a
LOAD c:/mingw/bin/../lib/gcc/mingw32/6.3.0/../../../libuser32.a
LOAD c:/mingw/bin/../lib/gcc/mingw32/6.3.0/../../../libkernel32.a
LOAD c:/mingw/bin/../lib/gcc/mingw32/6.3.0/../../../libmingw32.a
LOAD c:/mingw/bin/../lib/gcc/mingw32/6.3.0/libgcc.a
LOAD c:/mingw/bin/../lib/gcc/mingw32/6.3.0/libgcc_eh.a
LOAD c:/mingw/bin/../lib/gcc/mingw32/6.3.0/../../../libmoldname.a
LOAD c:/mingw/bin/../lib/gcc/mingw32/6.3.0/../../../libmingwex.a
LOAD c:/mingw/bin/../lib/gcc/mingw32/6.3.0/../../../libmsvcrt.a
LOAD c:/mingw/bin/../lib/gcc/mingw32/6.3.0/crtend.o
                0x000002e0                . = SIZEOF_HEADERS
                0x00001000                . = ALIGN (__section_alignment__)

.text           0x00401000    0xaae00
 *(.init)
 *(.text)
 .text          0x00401000      0x340 c:/mingw/bin/../lib/gcc/mingw32/6.3.0/../../../crt2.o
                0x004012a0                _mingw32_init_mainargs
                0x004012e0                mainCRTStartup
                0x00401300                WinMainCRTStartup
                0x00401320                atexit
                0x00401330                _onexit
 .text          0x00401340      0x120 c:/mingw/bin/../lib/gcc/mingw32/6.3.0/crtbegin.o
                0x00401340                __gcc_register_frame
                0x00401430                __gcc_deregister_frame
 .text          0x00401460      0x3c0 agentf.o
                0x004017c0                agentf_new
 .text          0x00401820       0x60 aqsync.o
                0x00401820                agent_query_synchronous
 .text          0x00401880        0x0 be_all_s.o
 .text          0x00401880      0x490 be_misc.o
                0x00401880                backend_socket_log
                0x00401a50                psb_init
                0x00401a60                log_proxy_stderr
 .text          0x00401d10      0x230 callback.o
                0x00401d30                request_callback_notifications
                0x00401d50                delete_callbacks_for_context
                0x00401de0                queue_toplevel_callback
                0x00401e80                queue_idempotent_callback
                0x00401eb0                run_toplevel_callbacks
                0x00401f20                toplevel_callback_pending
 .text          0x00401f40     0x24c0 cmdline.o
                0x00401fe0                cmdline_cleanup
                0x00402080                cmdline_get_passwd_input
                0x00402110                cmdline_process_param
                0x00404320                cmdline_run_saved
                0x004043b0                cmdline_host_ok
 .text          0x00404400     0x11f0 conf.o
                0x004045e0                conf_new
                0x00404620                conf_free
                0x00404650                conf_copy_into
                0x004047b0                conf_copy
                0x004047e0                conf_get_bool
                0x00404880                conf_get_int
                0x00404920                conf_get_int_int
                0x004049d0                conf_get_str
                0x00404a70                conf_get_str_str_opt
                0x00404b00                conf_get_str_str
                0x00404b50                conf_get_str_strs
                0x00404c20                conf_get_str_nthstrkey
                0x00404cf0                conf_get_filename
                0x00404d90                conf_get_fontspec
                0x00404e30                conf_set_bool
                0x00404ed0                conf_set_int
                0x00404f60                conf_set_int_int
                0x00405000                conf_set_str
                0x004050a0                conf_set_str_str
                0x00405150                conf_del_str_str
                0x004051f0                conf_set_filename
                0x00405290                conf_set_fontspec
                0x00405330                conf_serialise
                0x00405470                conf_deserialise
 .text          0x004055f0     0x8750 config.o
                0x004055f0                conf_checkbox_handler
                0x004056c0                conf_editbox_handler
                0x00405890                conf_filesel_handler
                0x00405920                conf_fontsel_handler
                0x004059b0                config_protocolbuttons_handler
                0x00407490                conf_radiobutton_handler
                0x00407690                conf_radiobutton_bool_handler
                0x00408420                setup_config_box
 .text          0x0040dd40      0x4d0 cproxy.o
                0x0040dd40                proxy_socks5_offerencryptedauth
                0x0040dd60                proxy_socks5_handlechap
                0x0040e090                proxy_socks5_selectchap
 .text          0x0040e210      0xe20 dialog.o
                0x0040e2c0                I
                0x0040e2d0                P
                0x0040e2e0                ctrl_path_elements
                0x0040e310                ctrl_path_compare
                0x0040e3c0                ctrl_new_box
                0x0040e420                ctrl_find_path
                0x0040e480                ctrl_settitle
                0x0040e570                ctrl_getset
                0x0040e710                ctrl_alloc_with_free
                0x0040e7b0                ctrl_alloc
                0x0040e7e0                ctrl_columns
                0x0040e8b0                ctrl_editbox
                0x0040e920                ctrl_combobox
                0x0040e990                ctrl_radiobuttons
                0x0040eb00                ctrl_pushbutton
                0x0040eb60                ctrl_listbox
                0x0040ebe0                ctrl_droplist
                0x0040ec60                ctrl_draglist
                0x0040ece0                ctrl_filesel
                0x0040ed60                ctrl_fontsel
                0x0040edb0                ctrl_tabdelay
                0x0040ede0                ctrl_text
                0x0040ee20                ctrl_checkbox
                0x0040ee70                ctrl_free
                0x0040ef40                ctrl_free_set
                0x0040efb0                ctrl_free_box
 .text          0x0040f030     0x2ce0 ecc.o
                0x0040f2c0                ecc_weierstrass_curve
                0x0040f360                ecc_weierstrass_curve_free
                0x0040f3b0                ecc_weierstrass_point_new
                0x0040f400                ecc_weierstrass_point_new_identity
                0x0040f480                ecc_weierstrass_point_copy_into
                0x0040f4d0                ecc_weierstrass_point_copy
                0x0040f550                ecc_weierstrass_point_free
                0x0040f5a0                ecc_weierstrass_point_new_from_x
                0x0040f720                ecc_weierstrass_add
                0x0040fb40                ecc_weierstrass_double
                0x0040fe60                ecc_weierstrass_add_general
                0x00410520                ecc_weierstrass_multiply
                0x00410640                ecc_weierstrass_is_identity
                0x00410670                ecc_weierstrass_get_affine
                0x00410780                ecc_weierstrass_point_valid
                0x00410940                ecc_montgomery_curve
                0x00410a50                ecc_montgomery_curve_free
                0x00410aa0                ecc_montgomery_point_new
                0x00410b10                ecc_montgomery_point_copy_into
                0x00410b50                ecc_montgomery_point_copy
                0x00410bb0                ecc_montgomery_point_free
                0x00410bf0                ecc_montgomery_diff_add
                0x00410e50                ecc_montgomery_double
                0x00411010                ecc_montgomery_multiply
                0x004111e0                ecc_montgomery_get_affine
                0x00411270                ecc_edwards_curve
                0x00411310                ecc_edwards_curve_free
                0x00411360                ecc_edwards_point_new
                0x004113b0                ecc_edwards_point_copy_into
                0x00411410                ecc_edwards_point_copy
                0x004114a0                ecc_edwards_point_free
                0x004114f0                ecc_edwards_point_new_from_y
                0x004116d0                ecc_edwards_add
                0x004119f0                ecc_edwards_multiply
                0x00411b20                ecc_edwards_eq
                0x00411c30                ecc_edwards_get_affine
 .text          0x00411d10       0xc0 errsock.o
                0x00411d80                new_error_socket_fmt
 .text          0x00411dd0      0xdf0 ldisc.o
                0x00411f90                ldisc_configure
                0x00412010                ldisc_create
                0x004120a0                ldisc_free
                0x004120f0                ldisc_echoedit_update
                0x00412180                ldisc_send
 .text          0x00412bc0     0x1110 logging.o
                0x00412bf0                logflush
                0x00412c10                logfopen
                0x004133a0                logfclose
                0x004133d0                logtraffic
                0x00413410                logevent
                0x004134e0                logevent_and_free
                0x00413510                logeventvf
                0x00413550                logeventf
                0x00413580                log_packet
                0x00413af0                log_init
                0x00413b70                log_free
                0x00413bd0                log_reconfig
 .text          0x00413cd0     0x1170 mainchan.o
                0x00414180                mainchan_new
                0x004142f0                mainchan_get_specials
                0x004144e0                mainchan_special_cmd
                0x00414e00                mainchan_terminal_size
 .text          0x00414e40      0x6a0 marshal.o
                0x00414ea0                BinarySink_put_data
                0x00414eb0                BinarySink_put_datapl
                0x00414ec0                BinarySink_put_padding
                0x00414f20                BinarySink_put_byte
                0x00414f50                BinarySink_put_bool
                0x00414f80                BinarySink_put_uint16
                0x00414fb0                BinarySink_put_uint32
                0x00415000                BinarySink_put_uint64
                0x00415080                BinarySink_put_string
                0x004150e0                BinarySink_put_stringpl
                0x004150f0                BinarySink_put_stringz
                0x00415120                BinarySink_put_stringsb
                0x00415150                BinarySink_put_asciz
                0x00415180                BinarySink_put_pstring
                0x004151e0                BinarySource_get_data
                0x00415220                BinarySource_get_byte
                0x00415260                BinarySource_get_bool
                0x004152a0                BinarySource_get_uint16
                0x004152e0                BinarySource_get_uint32
                0x00415320                BinarySource_get_uint64
                0x00415360                BinarySource_get_string
                0x004153d0                BinarySource_get_asciz
                0x00415430                BinarySource_get_pstring
                0x004154a0                stdio_sink_init
                0x004154c0                bufchain_sink_init
 .text          0x004154e0      0x270 memory.o
                0x004154e0                safemalloc
                0x00415530                saferealloc
                0x00415590                safefree
                0x004155b0                safegrowarray
 .text          0x00415750     0x21f0 minibidi.o
                0x00415750                is_rtl
                0x004157b0                do_shape
                0x00415b20                do_bidi
 .text          0x00417940      0x7e0 misc.o
                0x004179c0                seat_connection_fatal
                0x00417a00                new_prompts
                0x00417a60                add_prompt
                0x00417af0                prompt_ensure_result_size
                0x00417b10                prompt_set_result
                0x00417b50                free_prompts
                0x00417bd0                conf_launchable
                0x00417c30                conf_dest
                0x00417c80                validate_manual_hostkey
                0x00417ed0                buildinfo
                0x00417f90                nullseat_output
                0x00417fa0                nullseat_eof
                0x00417fb0                nullseat_get_userpass_input
                0x00417fc0                nullseat_notify_remote_exit
                0x00417fd0                nullseat_connection_fatal
                0x00417fe0                nullseat_update_specials_menu
                0x00417ff0                nullseat_get_ttymode
                0x00418000                nullseat_set_busy_status
                0x00418010                nullseat_verify_ssh_host_key
                0x00418020                nullseat_confirm_weak_crypto_primitive
                0x00418030                nullseat_confirm_weak_cached_hostkey
                0x00418040                nullseat_is_never_utf8
                0x00418050                nullseat_is_always_utf8
                0x00418060                nullseat_echoedit_update
                0x00418070                nullseat_get_x_display
                0x00418080                nullseat_get_windowid
                0x00418090                nullseat_get_window_pixel_size
                0x004180a0                nullseat_stripctrl_new
                0x004180b0                nullseat_set_trust_status
                0x004180c0                nullseat_set_trust_status_vacuously
                0x004180d0                sk_free_peer_info
                0x00418110                out_of_memory
 .text          0x00418120       0xc0 miscucs.o
                0x00418120                dup_mb_to_wc_c
                0x004181a0                dup_mb_to_wc
 .text          0x004181e0     0x4570 mpint.o
                0x00418b20                mp_new
                0x00418b30                mp_from_integer
                0x00418b90                mp_max_bytes
                0x00418ba0                mp_max_bits
                0x00418bb0                mp_free
                0x00418bf0                mp_dump
                0x00418c90                mp_copy_into
                0x00418cf0                mp_select_into
                0x00418d60                mp_cond_swap
                0x00418de0                mp_clear
                0x00418e00                mp_cond_clear
                0x00418e30                mp_from_bytes_le
                0x00418e50                mp_from_bytes_be
                0x00418e70                mp_from_hex_pl
                0x00418f50                mp_from_hex
                0x00418f80                mp_copy
                0x00418f90                mp_get_byte
                0x00418fc0                mp_get_bit
                0x00418ff0                mp_get_integer
                0x00419020                mp_set_bit
                0x00419080                mp_get_nbits
                0x00419130                mp_get_hex
                0x00419140                mp_get_hex_uppercase
                0x00419150                BinarySink_put_mp_ssh1
                0x004191f0                BinarySink_put_mp_ssh2
                0x00419270                BinarySource_get_mp_ssh1
                0x00419300                BinarySource_get_mp_ssh2
                0x00419370                mp_add_into
                0x004193b0                mp_sub_into
                0x004193f0                mp_and_into
                0x00419450                mp_or_into
                0x004194b0                mp_xor_into
                0x00419510                mp_bic_into
                0x00419570                mp_add_integer_into
                0x00419620                mp_sub_integer_into
                0x004196d0                mp_mul_integer_into
                0x00419770                mp_from_decimal_pl
                0x00419810                mp_from_decimal
                0x00419840                mp_cond_add_into
                0x00419880                mp_cond_sub_into
                0x004198c0                mp_cmp_hs
                0x00419b10                mp_hs_integer
                0x00419bb0                mp_cmp_eq
                0x00419c30                mp_eq_integer
                0x00419cb0                mp_neg_into
                0x00419cf0                mp_add
                0x00419d50                mp_sub
                0x00419da0                mp_neg
                0x00419df0                mp_mul_into
                0x00419e50                mp_mul
                0x00419e90                mp_lshift_fixed_into
                0x00419f80                mp_rshift_fixed_into
                0x0041a020                mp_get_decimal
                0x0041a280                mp_rshift_fixed
                0x0041a2d0                mp_rshift_safe
                0x0041a450                mp_reduce_mod_2to
                0x0041a480                mp_invert_mod_2to
                0x0041a950                monty_free
                0x0041a9c0                monty_mul_into
                0x0041aac0                monty_mul
                0x0041ab00                monty_modulus
                0x0041ab10                monty_identity
                0x0041ab20                monty_export_into
                0x0041abb0                monty_export
                0x0041abe0                monty_pow
                0x0041acf0                mp_invert
                0x0041b170                monty_invert
                0x0041b1d0                mp_divmod_into
                0x0041baa0                mp_div
                0x0041bae0                mp_mod
                0x0041bb20                mp_modmul
                0x0041bb60                monty_new
                0x0041bc80                monty_import
                0x0041bcb0                monty_import_into
                0x0041bd00                mp_modpow
                0x0041bdd0                mp_modadd
                0x0041be10                mp_modsub
                0x0041bf80                monty_add
                0x0041c000                monty_sub
                0x0041c090                mp_min_into
                0x0041c0d0                mp_max_into
                0x0041c110                mp_min
                0x0041c150                mp_max
                0x0041c190                mp_power_2
                0x0041c1d0                modsqrt_new
                0x0041c2c0                modsqrt_free
                0x0041c320                monty_modsqrt
                0x0041c5c0                mp_modsqrt
                0x0041c640                mp_random_bits_fn
                0x0041c6c0                mp_random_in_range_fn
 .text          0x0041c750       0x40 nullplug.o
 .text          0x0041c790        0x0 pgssapi.o
 .text          0x0041c790      0x190 pinger.o
                0x0041c840                pinger_new
                0x0041c8a0                pinger_reconfig
                0x0041c900                pinger_free
 .text          0x0041c920     0x1eb0 portfwd.o
                0x0041d650                portfwd_raw_new
                0x0041d6d0                portfwd_raw_free
                0x0041d810                portfwd_raw_setup
                0x0041d850                pfr_free
                0x0041d8a0                portfwdmgr_new
                0x0041d8f0                portfwdmgr_close
                0x0041d930                portfwdmgr_close_all
                0x0041d970                portfwdmgr_free
                0x0041d9b0                portfwdmgr_config
                0x0041e420                portfwdmgr_listen
                0x0041e5b0                portfwdmgr_unlisten
                0x0041e650                portfwdmgr_connect
 .text          0x0041e7d0     0x2980 proxy.o
                0x0041f060                proxy_activate
                0x0041f190                proxy_http_negotiate
                0x0041f6f0                proxy_socks4_negotiate
                0x0041fa40                proxy_socks5_negotiate
                0x004202c0                name_lookup
                0x00420400                new_connection
                0x004209b0                new_listener
                0x004209d0                format_telnet_command
                0x00420ee0                proxy_telnet_negotiate
 .text          0x00421150      0x530 raw.o
 .text          0x00421680      0x860 rlogin.o
 .text          0x00421ee0      0x690 sercfg.o
                0x004221d0                ser_setup_config_box
 .text          0x00422570       0xf0 sessprep.o
                0x00422570                prepare_session
 .text          0x00422660     0x55e0 settings.o
                0x00423370                backend_vt_from_name
                0x004233c0                backend_vt_from_proto
                0x004233f0                get_remote_username
                0x00423450                save_open_settings
                0x004256f0                save_settings
                0x00425740                load_open_settings
                0x00427a00                load_settings
                0x00427a70                do_defaults
                0x00427a80                get_sesslist
 .text          0x00427c40      0x5f0 sizetip.o
                0x00427f70                UpdateSizeTip
                0x004281f0                EnableSizeTip
 .text          0x00428230     0x1960 ssh.o
                0x004294d0                ssh_get_logctx
                0x004294e0                ssh_check_frozen
                0x00429740                ssh_conn_processed_data
                0x00429750                ssh_remote_error
                0x00429820                ssh_remote_eof
                0x004298a0                ssh_proto_error
                0x00429940                ssh_sw_abort
                0x004299d0                ssh_deferred_abort_callback
                0x00429a10                ssh_user_close
                0x00429a90                ssh_sw_abort_deferred
                0x00429ae0                ssh_throttle_conn
                0x00429b40                ssh_ldisc_update
                0x00429b60                ssh_got_exitcode
                0x00429b70                ssh_fallback_cmd
                0x00429b80                ssh_got_fallback_cmd
 .text          0x00429b90      0xb10 ssh1bpp.o
                0x00429f10                ssh1_bpp_new
                0x00429f80                ssh1_bpp_new_cipher
                0x0042a100                ssh1_bpp_start_compression
 .text          0x0042a6a0      0x160 ssh1censor.o
                0x0042a6a0                ssh1_censor_packet
 .text          0x0042a800     0x1050 ssh1connection.o
                0x0042ad20                ssh1_channel_free
                0x0042b0a0                ssh1_connection_new
                0x0042b170                ssh1_connection_set_protoflags
                0x0042b1b0                ssh1_check_termination
                0x0042b710                ssh1_channel_init
 .text          0x0042b850      0xe90 ssh1connection-client.o
                0x0042bed0                ssh1_connection_direction_specific_setup
                0x0042bf30                ssh1_handle_direction_specific_packet
                0x0042c510                ssh1_session_open
                0x0042c550                ssh1_rportfwd_alloc
                0x0042c670                ssh1_serverside_x11_open
                0x0042c690                ssh1_serverside_agent_open
                0x0042c6b0                ssh1_connection_need_antispoof_prompt
 .text          0x0042c6e0     0x27c0 ssh1login.o
                0x0042ee00                ssh1_login_new
 .text          0x0042eea0     0x1830 ssh2bpp.o
                0x004301b0                ssh2_bpp_new
                0x00430230                ssh2_bpp_new_outgoing_crypto
                0x00430470                ssh2_bpp_new_incoming_crypto
                0x00430690                ssh2_bpp_rekey_inadvisable
 .text          0x004306d0      0x4e0 ssh2bpp-bare.o
                0x00430b40                ssh2_bare_bpp_new
 .text          0x00430bb0      0x2a0 ssh2censor.o
                0x00430bb0                ssh2_censor_packet
 .text          0x00430e50     0x2730 ssh2connection.o
                0x00431be0                ssh2_queue_global_request_handler
                0x00431c60                ssh2_connection_new
                0x00431d60                ssh2_channel_init
                0x00431ee0                ssh2_chanopen_init
                0x00431f50                ssh2_chanreq_init
 .text          0x00433580      0xf50 ssh2connection-client.o
                0x004336b0                ssh2_connection_parse_channel_open
                0x00433ad0                ssh2_connection_parse_global_request
                0x00433ae0                ssh2_portfwd_chanopen
                0x00433b90                ssh2_rportfwd_alloc
                0x00433cf0                ssh2_rportfwd_remove
                0x00433de0                ssh2_session_open
                0x00433e70                ssh2_serverside_x11_open
                0x00433e90                ssh2_serverside_agent_open
                0x00433eb0                ssh2channel_start_shell
                0x00433f00                ssh2channel_start_command
                0x00433f70                ssh2channel_start_subsystem
                0x00433fe0                ssh2channel_send_exit_status
                0x00434000                ssh2channel_send_exit_signal
                0x00434020                ssh2channel_send_exit_signal_numeric
                0x00434040                ssh2channel_request_x11_forwarding
                0x00434100                ssh2channel_request_agent_forwarding
                0x00434150                ssh2channel_request_pty
                0x004342a0                ssh2channel_send_env_var
                0x00434320                ssh2channel_send_serial_break
                0x00434390                ssh2channel_send_signal
                0x00434400                ssh2channel_send_terminal_size_change
                0x004344a0                ssh2_connection_need_antispoof_prompt
 .text          0x004344d0     0x1d80 ssh2kex-client.o
                0x004344d0                ssh2kex_coroutine
 .text          0x00436250      0x270 ssh2transhk.o
                0x00436290                ssh_transient_hostkey_cache_new
                0x004362d0                ssh_transient_hostkey_cache_free
                0x00436330                ssh_transient_hostkey_cache_add
                0x004363f0                ssh_transient_hostkey_cache_verify
                0x00436470                ssh_transient_hostkey_cache_has
                0x004364a0                ssh_transient_hostkey_cache_non_empty
 .text          0x004364c0     0x36d0 ssh2transport.o
                0x00436520                ssh2_transport_dialog_callback
                0x00437390                ssh2_transport_new
                0x004375c0                ssh2_common_filter_queue
                0x004377b0                ssh2_transport_pop
                0x00439a70                ssh2transport_finalise_exhash
                0x00439ae0                ssh2_transport_get_session_id
                0x00439b40                ssh2_transport_notify_auth_done
 .text          0x00439b90     0x3640 ssh2userauth.o
                0x0043d080                ssh2_userauth_new
                0x0043d1c0                ssh2_userauth_set_transport_layer
 .text          0x0043d1d0     0x7130 sshaes.o
 .text          0x00444300      0x250 ssharcf.o
 .text          0x00444550      0x4c0 sshauxcrypt.o
                0x00444730                aes256_encrypt_pubkey
                0x00444770                aes256_decrypt_pubkey
                0x004447b0                des3_decrypt_pubkey
                0x004447f0                des3_encrypt_pubkey
                0x00444830                des3_decrypt_pubkey_ossh
                0x00444870                des3_encrypt_pubkey_ossh
                0x004448b0                des_encrypt_xdmauth
                0x004448f0                des_decrypt_xdmauth
                0x00444930                hash_simple
                0x00444980                mac_simple
 .text          0x00444a10     0x1180 sshblowf.o
                0x00445600                blowfish_lsb_encrypt_ecb
                0x004456a0                blowfish_initkey
                0x00445720                blowfish_expandkey
                0x00445b50                blowfish_make_context
                0x00445b80                blowfish_free_context
 .text          0x00445b90     0x12b0 sshccp.o
 .text          0x00446e40     0x1c80 sshcommon.o
                0x00446ea0                chan_no_exit_status
                0x00446eb0                chan_no_exit_signal
                0x00446ec0                chan_no_exit_signal_numeric
                0x00446ed0                chan_no_enable_x11_forwarding
                0x00446ee0                chan_no_enable_agent_forwarding
                0x00446ef0                chan_no_allocate_pty
                0x00446f00                chan_no_set_env
                0x00446f10                chan_no_send_break
                0x00446f20                chan_no_send_signal
                0x00446f30                chan_no_change_window_size
                0x00446fd0                chan_no_request_response
                0x00447240                chan_no_run_command
                0x00447250                chan_no_run_subsystem
                0x00447260                chan_no_run_shell
                0x00447270                pq_base_push
                0x004472c0                pq_base_push_front
                0x00447310                pq_in_init
                0x00447330                pq_out_init
                0x00447350                pq_in_clear
                0x00447380                pq_out_clear
                0x004473d0                pq_base_concatenate
                0x00447510                ssh_new_packet
                0x00447580                ssh_free_pktout
                0x004475a0                zombiechan_new
                0x004475d0                chan_remotely_opened_confirmation
                0x004475f0                chan_remotely_opened_failure
                0x00447610                chan_default_want_close
                0x00447620                get_ttymodes_from_conf
                0x004478c0                read_ttymodes_from_packet
                0x004479c0                write_ttymodes_to_packet
                0x00447aa0                alloc_channel_id_general
                0x00447b10                add_to_commasep
                0x00447b60                get_commasep_word
                0x00447c00                ssh1_pkt_type
                0x00447f00                ssh2_pkt_type
                0x004483d0                ssh_ppl_free
                0x004483f0                ssh_ppl_setup_queues
                0x00448450                ssh_ppl_replace
                0x004484c0                ssh_ppl_user_output_string_and_free
                0x00448500                ssh_bpp_common_setup
                0x00448550                ssh_bpp_free
                0x00448570                ssh2_bpp_queue_disconnect
                0x004485e0                ssh2_bpp_check_unimplemented
                0x00448660                verify_ssh_manual_host_key
                0x00448870                ssh1_common_get_specials
                0x004488b0                ssh1_common_filter_queue
                0x00448980                ssh1_compute_session_id
                0x00448a70                free_rportfwd
 .text          0x00448ac0       0xd0 sshcrc.o
                0x00448ac0                crc32_update
                0x00448b30                crc32_ssh1
                0x00448b60                crc32_rfc1662
 .text          0x00448b90      0x490 sshcrcda.o
                0x00448c90                crcda_make_context
                0x00448cc0                crcda_free_context
                0x00448d00                detect_attack
 .text          0x00449020     0xe350 sshdes.o
                0x004570c0                des_key_setup
 .text          0x00457370      0x380 sshdh.o
                0x004573f0                dh_is_gex
                0x00457400                dh_setup_group
                0x00457480                dh_setup_gex
                0x004574f0                dh_modulus_bit_size
                0x00457500                dh_cleanup
                0x00457560                dh_create_e
                0x00457630                dh_validate_f
                0x004576c0                dh_find_K
 .text          0x004576f0      0xc20 sshdss.o
                0x00458000                dss_gen_k
 .text          0x00458310     0x26e0 sshecc.o
                0x0045a6b0                ecdsa_public
                0x0045a720                eddsa_public
                0x0045a800                ssh_ecdhkex_curve_textname
                0x0045a820                ssh_ecdhkex_newkey
                0x0045a870                ssh_ecdhkex_getpublic
                0x0045a880                ssh_ecdhkex_getkey
                0x0045a890                ssh_ecdhkex_freekey
                0x0045a8c0                ec_alg_by_oid
                0x0045a930                ec_alg_oid
                0x0045a950                ec_nist_alg_and_curve_by_bits
                0x0045a9c0                ec_ed_alg_and_curve_by_bits
 .text          0x0045a9f0      0x6a0 sshgssc.o
                0x0045b030                ssh_gssapi_bind_fns
 .text          0x0045b090      0x4f0 sshhmac.o
 .text          0x0045b580      0x130 sshmac.o
                0x0045b580                ssh2_mac_verresult
                0x0045b5f0                ssh2_mac_generate
                0x0045b650                ssh2_mac_verify
 .text          0x0045b6b0      0xb00 sshmd5.o
                0x0045bf60                MD5Init
                0x0045bfb0                MD5Final
                0x0045c110                MD5Simple
 .text          0x0045c1b0      0x5a0 sshprng.o
                0x0045c200                prng_new
                0x0045c2e0                prng_free
                0x0045c360                prng_seed_begin
                0x0045c3d0                prng_seed_finish
                0x0045c4a0                prng_read
                0x0045c5a0                prng_add_entropy
                0x0045c740                prng_seed_bits
 .text          0x0045c750     0x2dc0 sshpubk.o
                0x0045cd90                rsa_ssh1_loadkey
                0x0045ce70                rsa_ssh1_encrypted
                0x0045cf00                rsa_ssh1_loadpub
                0x0045d1c0                rsa_ssh1_savekey
                0x0045d3c0                find_pubkey_alg_len
                0x0045d7e0                find_pubkey_alg
                0x0045d810                ssh2_load_userkey
                0x0045dfd0                rfc4716_loadpub
                0x0045e360                openssh_loadpub
                0x0045e570                ssh2_userkey_loadpub
                0x0045e880                ssh2_userkey_encrypted
                0x0045ea00                base64_lines
                0x0045ea20                base64_encode
                0x0045eac0                ssh2_save_userkey
                0x0045f000                ssh1_pubkey_str
                0x0045f090                ssh1_write_pubkey
                0x0045f0d0                ssh2_pubkey_openssh_str
                0x0045f110                ssh2_write_pubkey
                0x0045f2f0                ssh2_fingerprint_blob
                0x0045f460                ssh2_fingerprint
                0x0045f4b0                key_type
                0x0045f4f0                key_type_to_str
 .text          0x0045f510      0x3e0 sshrand.o
                0x0045f590                random_add_noise
                0x0045f5d0                random_reseed
                0x0045f620                random_read
                0x0045f670                random_get_savedata
                0x0045f700                random_save_seed
                0x0045f7c0                random_ref
                0x0045f7e0                random_setup_special
                0x0045f800                random_clear
                0x0045f860                random_unref
                0x0045f8b0                random_seed_bits
 .text          0x0045f8f0     0x1a70 sshrsa.o
                0x0045fbb0                rsa2_invalid
                0x0045ff60                BinarySource_get_rsa_ssh1_pub
                0x00460000                BinarySource_get_rsa_ssh1_priv
                0x00460020                rsa_ssh1_encrypt
                0x004601e0                crt_modpow
                0x00460530                rsa_ssh1_decrypt
                0x00460570                rsa_ssh1_decrypt_pkcs1
                0x004606b0                rsastr_fmt
                0x004606f0                rsa_ssh1_fingerprint
                0x00460850                rsa_verify
                0x00460a10                rsa_ssh1_public_blob
                0x00460a90                rsa_ssh1_public_blob_len
                0x00460b10                freersapriv
                0x00460b80                freersakey
                0x00460ef0                ssh_rsakex_newkey
                0x00460f30                ssh_rsakex_freekey
                0x00460f50                ssh_rsakex_klen
                0x00460f60                ssh_rsakex_encrypt
                0x00461110                ssh_rsakex_decrypt
 .text          0x00461360      0xee0 sshsh256.o
 .text          0x00462240     0x1f00 sshsh512.o
                0x00463b80                SHA512_Init
                0x00463c00                SHA384_Init
                0x00463c80                SHA512_Final
                0x00463eb0                SHA384_Final
                0x00463f30                SHA512_Simple
                0x00464010                SHA384_Simple
 .text          0x00464140      0xc30 sshsha.o
 .text          0x00464d70     0x3000 sshshare.o
                0x00465c10                sharestate_free
                0x00465c90                share_dead_xchannel_respond
                0x00465e00                share_xchannel_confirmation
                0x00465f00                share_xchannel_failure
                0x00466fd0                share_setup_x11_channel
                0x00467350                share_got_pkt_from_server
                0x00467790                share_ndownstreams
                0x004677a0                share_activate
                0x00467840                ssh_share_sockname
                0x00467910                ssh_share_test_for_upstream
                0x00467a40                ssh_connshare_provide_connlayer
                0x00467a50                ssh_connection_sharing_init
 .text          0x00467d70     0x10a0 sshverstring.o
                0x00468cc0                ssh_verstring_new
                0x00468de0                ssh_verstring_get_remote
                0x00468df0                ssh_verstring_get_local
                0x00468e00                ssh_verstring_get_bugs
 .text          0x00468e10     0x1aa0 sshzlib.o
                0x00469730                zlib_compress_cleanup
                0x004697f0                zlib_decompress_cleanup
                0x00469880                zlib_decompress_init
                0x004699f0                zlib_decompress_block
                0x0046a3f0                zlib_compress_init
                0x0046a7a0                zlib_compress_block
 .text          0x0046a8b0     0x1140 stripctrl.o
                0x0046b820                stripctrl_new
                0x0046b890                stripctrl_new_term_fn
                0x0046b910                stripctrl_reset
                0x0046b940                stripctrl_retarget
                0x0046b950                stripctrl_free
                0x0046b980                stripctrl_enable_line_limiting
                0x0046b990                stripctrl_string_ptrlen
 .text          0x0046b9f0     0x17b0 telnet.o
 .text          0x0046d1a0     0xeb50 terminal.o
                0x00472c70                term_update
                0x00472e20                term_seen_key_event
                0x00472e90                term_copy_stuff_from_conf
                0x004733b0                term_clrsb
                0x00473490                term_free
                0x004736b0                term_set_trust_status
                0x004736c0                term_provide_backend
                0x00473700                term_translate
                0x00473a60                term_invalidate
                0x00474260                term_reconfig
                0x004746f0                term_size
                0x00475270                term_pwron
                0x004752e0                term_init
                0x00479aa0                term_paint
                0x00479c10                term_scroll
                0x00479c80                term_scroll_to_selection
                0x00479d00                term_copyall
                0x00479d60                term_request_copy
                0x00479e10                term_request_paste
                0x00479e50                term_do_paste
                0x0047a1b0                term_mouse
                0x0047abf0                format_arrow_key
                0x0047ac90                format_function_key
                0x0047ae60                format_small_keypad_key
                0x0047aff0                format_numeric_keypad_key
                0x0047b2b0                term_keyinputw
                0x0047b3b0                term_keyinput
                0x0047b5b0                term_nopaste
                0x0047b640                term_lost_clipboard_ownership
                0x0047b6b0                term_data
                0x0047b6f0                term_provide_logctx
                0x0047b700                term_set_focus
                0x0047b740                term_get_ttymode
                0x0047b7e0                term_get_userpass_input
 .text          0x0047bcf0      0x2d0 timing.o
                0x0047bda0                schedule_timer
                0x0047be80                timing_last_clock
                0x0047be90                run_timers
                0x0047bf90                expire_timer_context
 .text          0x0047bfc0     0x14f0 tree234.o
                0x0047ceb0                newtree234
                0x0047cee0                freetree234
                0x0047cf00                count234
                0x0047cf40                add234
                0x0047cf70                addpos234
                0x0047cfa0                index234
                0x0047d050                search234_step
                0x0047d1b0                search234_start
                0x0047d1e0                findrelpos234
                0x0047d350                find234
                0x0047d390                findrel234
                0x0047d3d0                findpos234
                0x0047d410                delpos234
                0x0047d460                del234
 .text          0x0047d4b0     0x1540 utils.o
                0x0047d6f0                parse_blocksize
                0x0047d7b0                ctrlparse
                0x0047d860                host_strcspn
                0x0047d890                host_strchr
                0x0047d8c0                host_strrchr
                0x0047d8f0                dupstr
                0x0047d950                dupcat
                0x0047d9f0                burnstr
                0x0047da40                string_length_for_printf
                0x0047da60                dupvprintf
                0x0047da90                dupprintf
                0x0047dac0                host_strduptrim
                0x0047dbc0                strbuf_append
                0x0047dc60                strbuf_new
                0x0047dc70                strbuf_new_nm
                0x0047dc80                strbuf_free
                0x0047dcc0                strbuf_to_str
                0x0047dce0                strbuf_catfv
                0x0047dd30                strbuf_catf
                0x0047dd60                strbuf_new_for_agent_query
                0x0047dd90                strbuf_finalise_agent_query
                0x0047dde0                fgetline
                0x0047deb0                read_file_into
                0x0047df20                chomp
                0x0047df70                base64_encode_atom
                0x0047e050                base64_decode_atom
                0x0047e190                bufchain_init
                0x0047e1c0                bufchain_clear
                0x0047e210                bufchain_size
                0x0047e220                bufchain_set_callback_inner
                0x0047e240                bufchain_add
                0x0047e320                bufchain_consume
                0x0047e3e0                bufchain_prefix
                0x0047e3f0                bufchain_fetch
                0x0047e480                bufchain_fetch_consume
                0x0047e4c0                bufchain_try_fetch_consume
                0x0047e500                bufchain_fetch_consume_up_to
                0x0047e550                smemclr
                0x0047e570                smemeq
                0x0047e5c0                nullstrcmp
                0x0047e600                ptrlen_eq_string
                0x0047e650                ptrlen_eq_ptrlen
                0x0047e690                ptrlen_strcmp
                0x0047e6e0                ptrlen_startswith
                0x0047e740                ptrlen_endswith
                0x0047e7a0                ptrlen_get_word
                0x0047e870                mkstr
                0x0047e8c0                strstartswith
                0x0047e8f0                strendswith
                0x0047e940                encode_utf8
 .text          0x0047e9f0        0x0 version.o
 .text          0x0047e9f0      0x1c0 wcwidth.o
                0x0047ea40                mk_wcwidth
                0x0047ead0                mk_wcswidth
                0x0047eb20                mk_wcwidth_cjk
                0x0047eb60                mk_wcswidth_cjk
 .text          0x0047ebb0      0x3f0 wildcard.o
                0x0047eea0                wc_error
                0x0047eec0                wc_match
                0x0047eef0                wc_match_pl
                0x0047ef10                wc_unescape
 .text          0x0047efa0        0x0 wincapi.o
 .text          0x0047efa0     0x1050 wincfg.o
                0x0047f050                win_setup_config_box
 .text          0x0047fff0     0x5380 winctrls.o
                0x00480320                init_common_controls
                0x004803d0                ctlposinit
                0x00480480                doctl
                0x00480830                staticedit
                0x00480860                staticpassedit
                0x00480890                bartitle
                0x00480900                beginbox
                0x00480940                endbox
                0x004809e0                editboxfw
                0x00480ad0                combobox
                0x00480bb0                radioline
                0x00480c60                bareradioline
                0x00480d10                radiobig
                0x00480dc0                checkbox
                0x00480e30                staticwrap
                0x00481120                statictext
                0x00481190                paneltitle
                0x00481200                staticbtn
                0x004812d0                button
                0x00481390                static2btn
                0x004814c0                staticddl
                0x004815a0                staticcombo
                0x00481680                staticddlbig
                0x00481750                bigeditctrl
                0x00481820                listbox
                0x00481900                ersatztab
                0x00481a20                editbutton
                0x00481b50                prefslist
                0x00481dd0                pl_itemfrompt
                0x00481f10                handle_prefslist
                0x00482330                progressbar
                0x004823a0                winctrl_add_shortcuts
                0x00482400                winctrl_rem_shortcuts
                0x00482460                winctrl_init
                0x00482490                winctrl_add
                0x00482510                winctrl_remove
                0x00482560                winctrl_cleanup
                0x004825d0                winctrl_findbyctrl
                0x00482600                winctrl_findbyid
                0x00482630                winctrl_findbyindex
                0x00482640                winctrl_layout
                0x00483660                dlg_last_focused
                0x00483680                winctrl_context_help
                0x00483700                dlg_is_visible
                0x00483720                dlg_radiobutton_set
                0x00483790                dlg_radiobutton_get
                0x00483830                dlg_checkbox_set
                0x00483890                dlg_checkbox_get
                0x004838f0                dlg_editbox_set
                0x00483950                dlg_editbox_get
                0x004839b0                dlg_listbox_clear
                0x00483a40                dlg_listbox_del
                0x00483ad0                dlg_listbox_add
                0x00483b60                dlg_listbox_addwithid
                0x00483c40                dlg_listbox_getid
                0x00483cc0                dlg_listbox_index
                0x00483dc0                dlg_listbox_issel
                0x00483e50                dlg_listbox_select
                0x00483ed0                dlg_text_set
                0x00483f30                dlg_label_change
                0x00484010                dlg_filesel_set
                0x00484070                dlg_filesel_get
                0x004840e0                dlg_fontsel_get
                0x00484130                dlg_update_start
                0x00484190                dlg_update_done
                0x00484210                dlg_set_focus
                0x004842b0                dlg_beep
                0x004842d0                dlg_error_msg
                0x00484300                dlg_end
                0x00484320                dlg_refresh
                0x004843d0                dlg_coloursel_start
                0x00484400                dlg_coloursel_results
                0x00484440                dlg_auto_set_fixed_pitch_flag
                0x004845c0                dlg_fontsel_set
                0x004846d0                winctrl_handle_command
                0x00485270                dlg_get_fixed_pitch_flag
                0x00485280                dlg_set_fixed_pitch_flag
                0x00485290                dp_init
                0x00485300                dp_add_tree
                0x00485340                dp_cleanup
 .text          0x00485370      0x110 windefs.o
                0x00485370                platform_default_fontspec
                0x004853f0                platform_default_filename
                0x00485430                platform_default_s
                0x00485460                platform_default_b
                0x00485470                platform_default_i
 .text          0x00485480     0x1fe0 windlg.o
                0x00486c60                force_normal
                0x00486c80                modal_about_box
                0x00486cf0                show_help
                0x00486d10                defuse_showwindow
                0x00486d80                do_config
                0x00486ec0                do_reconfig
                0x00487050                showeventlog
                0x004870d0                showabout
                0x00487110                win_seat_verify_ssh_host_key
                0x004872f0                win_seat_confirm_weak_crypto_primitive
                0x00487370                win_seat_confirm_weak_cached_hostkey
                0x004873f0                old_keyfile_warning
 .text          0x00487460     0xba40 window.o
                0x00487470                win_seat_get_window_pixel_size
                0x004874e0                cmpCOLORREF
                0x00487540                win_seat_get_ttymode
                0x00487550                win_seat_stripctrl_new
                0x0048d4f0                cleanup_exit
                0x0048d840                do_select
                0x0048d8b0                cmdline_error
                0x0048d920                timer_change_notify
                0x00491b60                write_aclip
                0x00491c90                modalfatalbox
                0x00491d00                WinMain@16
                0x00492dc0                nonfatal
                0x00492e30                agent_schedule_callback
 .text          0x00492ea0      0x2f0 ava.o
                0x00492ea0                ava_move
                0x00493030                ava_converte_decimal
                0x004930b0                ava_integral
                0x00493150                ava_seta_cor
 .text          0x00493190      0xe60 wingss.o
                0x004938d0                ssh_gss_setup
                0x00493f80                ssh_gss_cleanup
 .text          0x00493ff0      0xc90 winhandl.o
                0x00494510                handle_input_new
                0x00494630                handle_output_new
                0x00494760                handle_add_foreign_event
                0x00494800                handle_write
                0x00494890                handle_write_eof
                0x004948e0                handle_get_events
                0x00494970                handle_free
                0x004949f0                handle_got_event
                0x00494bb0                handle_unthrottle
                0x00494c10                handle_backlog
                0x00494c50                handle_get_privdata
                0x00494c60                handle_sink_init
 .text          0x00494c80       0x50 winhelp.o
                0x00494c80                has_help
                0x00494c90                init_help
                0x00494ca0                shutdown_help
                0x00494cb0                launch_help
                0x00494cc0                quit_help
 .text          0x00494cd0      0x650 winhsock.o
                0x00495230                make_handle_socket
 .text          0x00495320      0xa20 winjump.o
                0x00495bd0                clear_jumplist
                0x00495c30                add_session_to_jumplist
                0x00495c80                remove_session_from_jumplist
                0x00495cd0                set_explicit_app_user_model_id
 .text          0x00495d40      0xbc0 winmisc.o
                0x00495da0                platform_get_x_display
                0x00495dc0                filename_from_str
                0x00495e00                filename_copy
                0x00495e10                filename_to_str
                0x00495e20                filename_equal
                0x00495e50                filename_is_null
                0x00495e60                filename_free
                0x00495e80                filename_serialise
                0x00495ea0                filename_deserialise
                0x00495ec0                filename_char_sanitise
                0x00495ef0                load_system32_dll
                0x00495fa0                get_username
                0x00496110                dll_hijacking_protection
                0x00496180                init_winver
                0x00496250                win_strerror
                0x004963d0                fontspec_new
                0x00496420                fontspec_copy
                0x00496450                fontspec_free
                0x00496470                fontspec_serialise
                0x004964d0                fontspec_deserialise
                0x00496530                open_for_write_would_lose_data
                0x00496580                escape_registry_key
                0x00496670                unescape_registry_key
                0x00496710                registry_get_string
 .text          0x00496900       0x30 winmiscs.o
                0x00496900                is_console_handle
 .text          0x00496930     0x25c0 winnet.o
                0x00496d40                sk_init
                0x004974c0                sk_cleanup
                0x00497540                winsock_error_string
                0x00497cf0                sk_namelookup
                0x00497f80                sk_nonamelookup
                0x00497ff0                sk_namedpipe_addr
                0x00498060                sk_getaddr
                0x00498100                sk_addr_needs_port
                0x00498110                sk_hostname_is_local
                0x00498160                sk_address_is_local
                0x004981b0                sk_address_is_special_local
                0x004981c0                sk_addrtype
                0x004981e0                sk_addrcopy
                0x00498250                sk_addr_free
                0x00498270                sk_addr_dup
                0x00498280                sk_new
                0x00498370                sk_newlistener
                0x00498600                try_send
                0x004988e0                select_result
                0x00498cf0                sk_addr_error
                0x00498d00                socket_reselect_all
                0x00498d50                first_socket
                0x00498d90                next_socket
                0x00498dd0                socket_writable
                0x00498e10                net_service_lookup
                0x00498e50                get_hostname
                0x00498e90                platform_get_x11_unix_address
 .text          0x00498ef0      0x4c0 winnoise.o
                0x00498ef0                win_read_random
                0x00499070                noise_get_heavy
                0x00499160                noise_regular
                0x004992e0                noise_ultralight
                0x00499360                prng_reseed_time_ms
 .text          0x004993b0        0x0 winnpc.o
 .text          0x004993b0        0x0 winnps.o
 .text          0x004993b0      0x210 winpgntc.o
                0x004993b0                agent_exists
                0x004993e0                agent_cancel_query
                0x00499400                agent_query
 .text          0x004995c0      0x520 winprint.o
                0x00499700                printer_start_enum
                0x004998e0                printer_get_name
                0x00499920                printer_finish_enum
                0x00499960                printer_start_job
                0x00499a50                printer_job_data
                0x00499a90                printer_finish_job
 .text          0x00499ae0      0x390 winproxy.o
                0x00499ae0                platform_new_connection
 .text          0x00499e70       0x20 winsecur.o
                0x00499e70                restrict_process_acl
 .text          0x00499e90      0x820 winser.o
 .text          0x0049a6b0       0x20 winshare.o
                0x0049a6b0                platform_ssh_share
                0x0049a6c0                platform_ssh_share_cleanup
 .text          0x0049a6d0     0x1850 winstore.o
                0x0049ab20                open_settings_w
                0x0049ac50                write_setting_s
                0x0049aca0                write_setting_i
                0x0049acf0                close_settings_w
                0x0049ad20                open_settings_r
                0x0049ae10                read_setting_s
                0x0049af10                read_setting_i
                0x0049af80                read_setting_fontspec
                0x0049b0d0                write_setting_fontspec
                0x0049b280                read_setting_filename
                0x0049b2d0                write_setting_filename
                0x0049b2e0                close_settings_r
                0x0049b6a0                del_settings
                0x0049b730                enum_settings_start
                0x0049b790                enum_settings_next
                0x0049b860                enum_settings_finish
                0x0049b890                verify_host_key
                0x0049bbc0                have_ssh_host_key
                0x0049bc00                store_host_key
                0x0049bcc0                read_random_seed
                0x0049bd40                write_random_seed
                0x0049bd90                add_to_jumplist_registry
                0x0049bda0                remove_from_jumplist_registry
                0x0049bdb0                get_jumplist_registry_entries
                0x0049be00                cleanup_all
 .text          0x0049bf20       0xb0 wintime.o
                0x0049bf20                ltime
 .text          0x0049bfd0     0x13f0 winucs.o
                0x0049c390                xlat_uskbd2cyrllic
                0x0049c3a0                check_compose_internal
                0x0049c490                check_compose
                0x0049c4c0                decode_codepage
                0x0049c4e0                cp_name
                0x0049c5e0                cp_enumerate
                0x0049c600                get_unitab
                0x0049c780                init_ucs
                0x0049d180                wc_to_mb
                0x0049d350                mb_to_wc
                0x0049d390                is_dbcs_leadbyte
 .text          0x0049d3c0      0x690 winutils.o
                0x0049d430                request_file
                0x0049d530                filereq_new
                0x0049d560                filereq_free
                0x0049d570                message_box
                0x0049d600                pgp_fingerprints
                0x0049d630                GetDlgItemText_alloc
                0x0049d6d0                split_into_argv
 .text          0x0049da50       0x50 winx11.o
                0x0049da50                platform_get_x11_auth
 .text          0x0049daa0     0x2010 x11fwd.o
                0x0049ded0                x11_invent_fake_auth
                0x0049e0f0                x11_free_fake_auth
                0x0049e180                x11_authcmp
                0x0049e220                x11_setup_display
                0x0049e700                x11_free_display
                0x0049e760                BinarySource_get_string_xauth
                0x0049e790                BinarySink_put_stringpl_xauth
                0x0049e7f0                x11_get_auth_from_authfile
                0x0049ec50                x11_format_auth_for_authfile
                0x0049ede0                x11_get_screen_number
                0x0049ee40                x11_new_channel
                0x0049eef0                x11_identify_auth_proto
                0x0049ef50                x11_dehexify
                0x0049f000                x11_make_greeting
 .text          0x0049fab0        0x8 c:/mingw/bin/../lib/gcc/mingw32/6.3.0/../../../libadvapi32.a(dchcs00434.o)
                0x0049fab0                RegSetValueExA@24
 .text          0x0049fab8        0x8 c:/mingw/bin/../lib/gcc/mingw32/6.3.0/../../../libadvapi32.a(dchcs00423.o)
                0x0049fab8                RegQueryValueExA@24
 .text          0x0049fac0        0x8 c:/mingw/bin/../lib/gcc/mingw32/6.3.0/../../../libadvapi32.a(dchcs00412.o)
                0x0049fac0                RegOpenKeyA@12
 .text          0x0049fac8        0x8 c:/mingw/bin/../lib/gcc/mingw32/6.3.0/../../../libadvapi32.a(dchcs00400.o)
                0x0049fac8                RegEnumKeyA@16
 .text          0x0049fad0        0x8 c:/mingw/bin/../lib/gcc/mingw32/6.3.0/../../../libadvapi32.a(dchcs00397.o)
                0x0049fad0                RegDeleteValueA@8
 .text          0x0049fad8        0x8 c:/mingw/bin/../lib/gcc/mingw32/6.3.0/../../../libadvapi32.a(dchcs00393.o)
                0x0049fad8                RegDeleteKeyA@8
 .text          0x0049fae0        0x8 c:/mingw/bin/../lib/gcc/mingw32/6.3.0/../../../libadvapi32.a(dchcs00390.o)
                0x0049fae0                RegCreateKeyExA@36
 .text          0x0049fae8        0x8 c:/mingw/bin/../lib/gcc/mingw32/6.3.0/../../../libadvapi32.a(dchcs00389.o)
                0x0049fae8                RegCreateKeyA@12
 .text          0x0049faf0        0x8 c:/mingw/bin/../lib/gcc/mingw32/6.3.0/../../../libadvapi32.a(dchcs00386.o)
                0x0049faf0                RegCloseKey@4
 .text          0x0049faf8        0x8 c:/mingw/bin/../lib/gcc/mingw32/6.3.0/../../../libadvapi32.a(dchcs00245.o)
                0x0049faf8                GetUserNameA@8
 .text          0x0049fb00        0x0 c:/mingw/bin/../lib/gcc/mingw32/6.3.0/../../../libadvapi32.a(dchch.o)
 .text          0x0049fb00        0x0 c:/mingw/bin/../lib/gcc/mingw32/6.3.0/../../../libadvapi32.a(dchct.o)
 .text          0x0049fb00        0x8 c:/mingw/bin/../lib/gcc/mingw32/6.3.0/../../../libcomdlg32.a(duhcs00011.o)
                0x0049fb00                GetSaveFileNameA@4
 .text          0x0049fb08        0x8 c:/mingw/bin/../lib/gcc/mingw32/6.3.0/../../../libcomdlg32.a(duhcs00009.o)
                0x0049fb08                GetOpenFileNameA@4
 .text          0x0049fb10        0x8 c:/mingw/bin/../lib/gcc/mingw32/6.3.0/../../../libcomdlg32.a(duhcs00002.o)
                0x0049fb10                ChooseFontA@4
 .text          0x0049fb18        0x8 c:/mingw/bin/../lib/gcc/mingw32/6.3.0/../../../libcomdlg32.a(duhcs00000.o)
                0x0049fb18                ChooseColorA@4
 .text          0x0049fb20        0x0 c:/mingw/bin/../lib/gcc/mingw32/6.3.0/../../../libcomdlg32.a(duhch.o)
 .text          0x0049fb20        0x0 c:/mingw/bin/../lib/gcc/mingw32/6.3.0/../../../libcomdlg32.a(duhct.o)
 .text          0x0049fb20        0x8 c:/mingw/bin/../lib/gcc/mingw32/6.3.0/../../../libgdi32.a(dpics00343.o)
                0x0049fb20                UpdateColors@4
 .text          0x0049fb28        0x8 c:/mingw/bin/../lib/gcc/mingw32/6.3.0/../../../libgdi32.a(dpics00342.o)
                0x0049fb28                UnrealizeObject@4
 .text          0x0049fb30        0x8 c:/mingw/bin/../lib/gcc/mingw32/6.3.0/../../../libgdi32.a(dpics00341.o)
                0x0049fb30                TranslateCharsetInfo@12
 .text          0x0049fb38        0x8 c:/mingw/bin/../lib/gcc/mingw32/6.3.0/../../../libgdi32.a(dpics00339.o)
                0x0049fb38                TextOutA@20
 .text          0x0049fb40        0x8 c:/mingw/bin/../lib/gcc/mingw32/6.3.0/../../../libgdi32.a(dpics00323.o)
                0x0049fb40                SetTextColor@8
 .text          0x0049fb48        0x8 c:/mingw/bin/../lib/gcc/mingw32/6.3.0/../../../libgdi32.a(dpics00321.o)
                0x0049fb48                SetTextAlign@8
 .text          0x0049fb50        0x8 c:/mingw/bin/../lib/gcc/mingw32/6.3.0/../../../libgdi32.a(dpics00312.o)
                0x0049fb50                SetPixel@16
 .text          0x0049fb58        0x8 c:/mingw/bin/../lib/gcc/mingw32/6.3.0/../../../libgdi32.a(dpics00311.o)
                0x0049fb58                SetPaletteEntries@16
 .text          0x0049fb60        0x8 c:/mingw/bin/../lib/gcc/mingw32/6.3.0/../../../libgdi32.a(dpics00306.o)
                0x0049fb60                SetMapMode@8
 .text          0x0049fb68        0x8 c:/mingw/bin/../lib/gcc/mingw32/6.3.0/../../../libgdi32.a(dpics00288.o)
                0x0049fb68                SetBkMode@8
 .text          0x0049fb70        0x8 c:/mingw/bin/../lib/gcc/mingw32/6.3.0/../../../libgdi32.a(dpics00287.o)
                0x0049fb70                SetBkColor@8
 .text          0x0049fb78        0x8 c:/mingw/bin/../lib/gcc/mingw32/6.3.0/../../../libgdi32.a(dpics00282.o)
                0x0049fb78                SelectPalette@12
 .text          0x0049fb80        0x8 c:/mingw/bin/../lib/gcc/mingw32/6.3.0/../../../libgdi32.a(dpics00281.o)
                0x0049fb80                SelectObject@8
 .text          0x0049fb88        0x8 c:/mingw/bin/../lib/gcc/mingw32/6.3.0/../../../libgdi32.a(dpics00263.o)
                0x0049fb88                Rectangle@20
 .text          0x0049fb90        0x8 c:/mingw/bin/../lib/gcc/mingw32/6.3.0/../../../libgdi32.a(dpics00260.o)
                0x0049fb90                RealizePalette@4
 .text          0x0049fb98        0x8 c:/mingw/bin/../lib/gcc/mingw32/6.3.0/../../../libgdi32.a(dpics00256.o)
                0x0049fb98                Polyline@12
 .text          0x0049fba0        0x8 c:/mingw/bin/../lib/gcc/mingw32/6.3.0/../../../libgdi32.a(dpics00234.o)
                0x0049fba0                MoveToEx@16
 .text          0x0049fba8        0x8 c:/mingw/bin/../lib/gcc/mingw32/6.3.0/../../../libgdi32.a(dpics00231.o)
                0x0049fba8                LineTo@12
 .text          0x0049fbb0        0x8 c:/mingw/bin/../lib/gcc/mingw32/6.3.0/../../../libgdi32.a(dpics00227.o)
                0x0049fbb0                IntersectClipRect@20
 .text          0x0049fbb8        0x8 c:/mingw/bin/../lib/gcc/mingw32/6.3.0/../../../libgdi32.a(dpics00219.o)
                0x0049fbb8                GetTextMetricsA@8
 .text          0x0049fbc0        0x8 c:/mingw/bin/../lib/gcc/mingw32/6.3.0/../../../libgdi32.a(dpics00213.o)
                0x0049fbc0                GetTextExtentPoint32A@16
 .text          0x0049fbc8        0x8 c:/mingw/bin/../lib/gcc/mingw32/6.3.0/../../../libgdi32.a(dpics00210.o)
                0x0049fbc8                GetTextExtentExPointA@28
 .text          0x0049fbd0        0x8 c:/mingw/bin/../lib/gcc/mingw32/6.3.0/../../../libgdi32.a(dpics00201.o)
                0x0049fbd0                GetStockObject@4
 .text          0x0049fbd8        0x8 c:/mingw/bin/../lib/gcc/mingw32/6.3.0/../../../libgdi32.a(dpics00192.o)
                0x0049fbd8                GetPixel@12
 .text          0x0049fbe0        0x8 c:/mingw/bin/../lib/gcc/mingw32/6.3.0/../../../libgdi32.a(dpics00185.o)
                0x0049fbe0                GetObjectA@12
 .text          0x0049fbe8        0x8 c:/mingw/bin/../lib/gcc/mingw32/6.3.0/../../../libgdi32.a(dpics00148.o)
                0x0049fbe8                GetDeviceCaps@8
 .text          0x0049fbf0        0x8 c:/mingw/bin/../lib/gcc/mingw32/6.3.0/../../../libgdi32.a(dpics00136.o)
                0x0049fbf0                GetCharacterPlacementW@24
 .text          0x0049fbf8        0x8 c:/mingw/bin/../lib/gcc/mingw32/6.3.0/../../../libgdi32.a(dpics00134.o)
                0x0049fbf8                GetCharWidthW@16
 .text          0x0049fc00        0x8 c:/mingw/bin/../lib/gcc/mingw32/6.3.0/../../../libgdi32.a(dpics00131.o)
                0x0049fc00                GetCharWidthA@16
 .text          0x0049fc08        0x8 c:/mingw/bin/../lib/gcc/mingw32/6.3.0/../../../libgdi32.a(dpics00130.o)
                0x0049fc08                GetCharWidth32W@16
 .text          0x0049fc10        0x8 c:/mingw/bin/../lib/gcc/mingw32/6.3.0/../../../libgdi32.a(dpics00129.o)
                0x0049fc10                GetCharWidth32A@16
 .text          0x0049fc18        0x8 c:/mingw/bin/../lib/gcc/mingw32/6.3.0/../../../libgdi32.a(dpics00126.o)
                0x0049fc18                GetCharABCWidthsFloatA@16
 .text          0x0049fc20        0x8 c:/mingw/bin/../lib/gcc/mingw32/6.3.0/../../../libgdi32.a(dpics00122.o)
                0x0049fc20                GetBkMode@4
 .text          0x0049fc28        0x8 c:/mingw/bin/../lib/gcc/mingw32/6.3.0/../../../libgdi32.a(dpics00103.o)
                0x0049fc28                ExtTextOutW@32
 .text          0x0049fc30        0x8 c:/mingw/bin/../lib/gcc/mingw32/6.3.0/../../../libgdi32.a(dpics00102.o)
                0x0049fc30                ExtTextOutA@32
 .text          0x0049fc38        0x8 c:/mingw/bin/../lib/gcc/mingw32/6.3.0/../../../libgdi32.a(dpics00096.o)
                0x0049fc38                ExcludeClipRect@20
 .text          0x0049fc40        0x8 c:/mingw/bin/../lib/gcc/mingw32/6.3.0/../../../libgdi32.a(dpics00073.o)
                0x0049fc40                DeleteObject@4
 .text          0x0049fc48        0x8 c:/mingw/bin/../lib/gcc/mingw32/6.3.0/../../../libgdi32.a(dpics00070.o)
                0x0049fc48                DeleteDC@4
 .text          0x0049fc50        0x8 c:/mingw/bin/../lib/gcc/mingw32/6.3.0/../../../libgdi32.a(dpics00067.o)
                0x0049fc50                CreateSolidBrush@4
 .text          0x0049fc58        0x8 c:/mingw/bin/../lib/gcc/mingw32/6.3.0/../../../libgdi32.a(dpics00058.o)
                0x0049fc58                CreatePen@12
 .text          0x0049fc60        0x8 c:/mingw/bin/../lib/gcc/mingw32/6.3.0/../../../libgdi32.a(dpics00056.o)
                0x0049fc60                CreatePalette@4
 .text          0x0049fc68        0x8 c:/mingw/bin/../lib/gcc/mingw32/6.3.0/../../../libgdi32.a(dpics00047.o)
                0x0049fc68                CreateFontIndirectA@4
 .text          0x0049fc70        0x8 c:/mingw/bin/../lib/gcc/mingw32/6.3.0/../../../libgdi32.a(dpics00046.o)
                0x0049fc70                CreateFontA@56
 .text          0x0049fc78        0x8 c:/mingw/bin/../lib/gcc/mingw32/6.3.0/../../../libgdi32.a(dpics00034.o)
                0x0049fc78                CreateCompatibleDC@4
 .text          0x0049fc80        0x8 c:/mingw/bin/../lib/gcc/mingw32/6.3.0/../../../libgdi32.a(dpics00033.o)
                0x0049fc80                CreateCompatibleBitmap@12
 .text          0x0049fc88        0x8 c:/mingw/bin/../lib/gcc/mingw32/6.3.0/../../../libgdi32.a(dpics00028.o)
                0x0049fc88                CreateBitmap@20
 .text          0x0049fc90        0x0 c:/mingw/bin/../lib/gcc/mingw32/6.3.0/../../../libgdi32.a(dpich.o)
 .text          0x0049fc90        0x0 c:/mingw/bin/../lib/gcc/mingw32/6.3.0/../../../libgdi32.a(dpict.o)
 .text          0x0049fc90        0x8 c:/mingw/bin/../lib/gcc/mingw32/6.3.0/../../../libimm32.a(dojcs00065.o)
                0x0049fc90                ImmSetCompositionWindow@8
 .text          0x0049fc98        0x8 c:/mingw/bin/../lib/gcc/mingw32/6.3.0/../../../libimm32.a(dojcs00061.o)
                0x0049fc98                ImmSetCompositionFontA@8
 .text          0x0049fca0        0x8 c:/mingw/bin/../lib/gcc/mingw32/6.3.0/../../../libimm32.a(dojcs00059.o)
                0x0049fca0                ImmReleaseContext@8
 .text          0x0049fca8        0x8 c:/mingw/bin/../lib/gcc/mingw32/6.3.0/../../../libimm32.a(dojcs00025.o)
                0x0049fca8                ImmGetContext@4
 .text          0x0049fcb0        0x8 c:/mingw/bin/../lib/gcc/mingw32/6.3.0/../../../libimm32.a(dojcs00023.o)
                0x0049fcb0                ImmGetCompositionStringW@16
 .text          0x0049fcb8        0x0 c:/mingw/bin/../lib/gcc/mingw32/6.3.0/../../../libimm32.a(dojch.o)
 .text          0x0049fcb8        0x0 c:/mingw/bin/../lib/gcc/mingw32/6.3.0/../../../libimm32.a(dojct.o)
 .text          0x0049fcb8        0x8 c:/mingw/bin/../lib/gcc/mingw32/6.3.0/../../../libole32.a(damcs00072.o)
                0x0049fcb8                CoUninitialize@0
 .text          0x0049fcc0        0x8 c:/mingw/bin/../lib/gcc/mingw32/6.3.0/../../../libole32.a(damcs00037.o)
                0x0049fcc0                CoInitialize@4
 .text          0x0049fcc8        0x8 c:/mingw/bin/../lib/gcc/mingw32/6.3.0/../../../libole32.a(damcs00012.o)
                0x0049fcc8                CoCreateInstance@20
 .text          0x0049fcd0        0x0 c:/mingw/bin/../lib/gcc/mingw32/6.3.0/../../../libole32.a(damch.o)
 .text          0x0049fcd0        0x0 c:/mingw/bin/../lib/gcc/mingw32/6.3.0/../../../libole32.a(damct.o)
 .text          0x0049fcd0        0x8 c:/mingw/bin/../lib/gcc/mingw32/6.3.0/../../../libshell32.a(duocs00144.o)
                0x0049fcd0                ShellExecuteA@24
 .text          0x0049fcd8        0x0 c:/mingw/bin/../lib/gcc/mingw32/6.3.0/../../../libshell32.a(duoch.o)
 .text          0x0049fcd8        0x0 c:/mingw/bin/../lib/gcc/mingw32/6.3.0/../../../libshell32.a(duoct.o)
 .text          0x0049fcd8        0x8 c:/mingw/bin/../lib/gcc/mingw32/6.3.0/../../../libuser32.a(dtpcs00622.o)
                0x0049fcd8                UpdateWindow@4
 .text          0x0049fce0        0x8 c:/mingw/bin/../lib/gcc/mingw32/6.3.0/../../../libuser32.a(dtpcs00608.o)
                0x0049fce0                TranslateMessage@4
 .text          0x0049fce8        0x8 c:/mingw/bin/../lib/gcc/mingw32/6.3.0/../../../libuser32.a(dtpcs00602.o)
                0x0049fce8                TrackPopupMenu@28
 .text          0x0049fcf0        0x8 c:/mingw/bin/../lib/gcc/mingw32/6.3.0/../../../libuser32.a(dtpcs00598.o)
                0x0049fcf0                ToAsciiEx@24
 .text          0x0049fcf8        0x8 c:/mingw/bin/../lib/gcc/mingw32/6.3.0/../../../libuser32.a(dtpcs00591.o)
                0x0049fcf8                SystemParametersInfoA@16
 .text          0x0049fd00        0x8 c:/mingw/bin/../lib/gcc/mingw32/6.3.0/../../../libuser32.a(dtpcs00585.o)
                0x0049fd00                ShowWindow@8
 .text          0x0049fd08        0x8 c:/mingw/bin/../lib/gcc/mingw32/6.3.0/../../../libuser32.a(dtpcs00582.o)
                0x0049fd08                ShowCursor@4
 .text          0x0049fd10        0x8 c:/mingw/bin/../lib/gcc/mingw32/6.3.0/../../../libuser32.a(dtpcs00581.o)
                0x0049fd10                ShowCaret@4
 .text          0x0049fd18        0x8 c:/mingw/bin/../lib/gcc/mingw32/6.3.0/../../../libuser32.a(dtpcs00574.o)
                0x0049fd18                SetWindowTextA@8
 .text          0x0049fd20        0x8 c:/mingw/bin/../lib/gcc/mingw32/6.3.0/../../../libuser32.a(dtpcs00572.o)
                0x0049fd20                SetWindowPos@28
 .text          0x0049fd28        0x8 c:/mingw/bin/../lib/gcc/mingw32/6.3.0/../../../libuser32.a(dtpcs00571.o)
                0x0049fd28                SetWindowPlacement@8
 .text          0x0049fd30        0x8 c:/mingw/bin/../lib/gcc/mingw32/6.3.0/../../../libuser32.a(dtpcs00569.o)
                0x0049fd30                SetWindowLongA@12
 .text          0x0049fd38        0x8 c:/mingw/bin/../lib/gcc/mingw32/6.3.0/../../../libuser32.a(dtpcs00563.o)
                0x0049fd38                SetTimer@16
 .text          0x0049fd40        0x8 c:/mingw/bin/../lib/gcc/mingw32/6.3.0/../../../libuser32.a(dtpcs00554.o)
                0x0049fd40                SetScrollInfo@16
 .text          0x0049fd48        0x8 c:/mingw/bin/../lib/gcc/mingw32/6.3.0/../../../libuser32.a(dtpcs00535.o)
                0x0049fd48                SetKeyboardState@4
 .text          0x0049fd50        0x8 c:/mingw/bin/../lib/gcc/mingw32/6.3.0/../../../libuser32.a(dtpcs00534.o)
                0x0049fd50                SetForegroundWindow@4
 .text          0x0049fd58        0x8 c:/mingw/bin/../lib/gcc/mingw32/6.3.0/../../../libuser32.a(dtpcs00533.o)
                0x0049fd58                SetFocus@4
 .text          0x0049fd60        0x8 c:/mingw/bin/../lib/gcc/mingw32/6.3.0/../../../libuser32.a(dtpcs00530.o)
                0x0049fd60                SetDlgItemTextA@12
 .text          0x0049fd68        0x8 c:/mingw/bin/../lib/gcc/mingw32/6.3.0/../../../libuser32.a(dtpcs00525.o)
                0x0049fd68                SetCursor@4
 .text          0x0049fd70        0x8 c:/mingw/bin/../lib/gcc/mingw32/6.3.0/../../../libuser32.a(dtpcs00523.o)
                0x0049fd70                SetClipboardData@8
 .text          0x0049fd78        0x8 c:/mingw/bin/../lib/gcc/mingw32/6.3.0/../../../libuser32.a(dtpcs00520.o)
                0x0049fd78                SetClassLongA@12
 .text          0x0049fd80        0x8 c:/mingw/bin/../lib/gcc/mingw32/6.3.0/../../../libuser32.a(dtpcs00519.o)
                0x0049fd80                SetCaretPos@8
 .text          0x0049fd88        0x8 c:/mingw/bin/../lib/gcc/mingw32/6.3.0/../../../libuser32.a(dtpcs00517.o)
                0x0049fd88                SetCapture@4
 .text          0x0049fd90        0x8 c:/mingw/bin/../lib/gcc/mingw32/6.3.0/../../../libuser32.a(dtpcs00516.o)
                0x0049fd90                SetActiveWindow@4
 .text          0x0049fd98        0x8 c:/mingw/bin/../lib/gcc/mingw32/6.3.0/../../../libuser32.a(dtpcs00508.o)
                0x0049fd98                SendMessageA@16
 .text          0x0049fda0        0x8 c:/mingw/bin/../lib/gcc/mingw32/6.3.0/../../../libuser32.a(dtpcs00505.o)
                0x0049fda0                SendDlgItemMessageA@20
 .text          0x0049fda8        0x8 c:/mingw/bin/../lib/gcc/mingw32/6.3.0/../../../libuser32.a(dtpcs00500.o)
                0x0049fda8                ScreenToClient@8
 .text          0x0049fdb0        0x8 c:/mingw/bin/../lib/gcc/mingw32/6.3.0/../../../libuser32.a(dtpcs00494.o)
                0x0049fdb0                ReleaseDC@8
 .text          0x0049fdb8        0x8 c:/mingw/bin/../lib/gcc/mingw32/6.3.0/../../../libuser32.a(dtpcs00493.o)
                0x0049fdb8                ReleaseCapture@0
 .text          0x0049fdc0        0x8 c:/mingw/bin/../lib/gcc/mingw32/6.3.0/../../../libuser32.a(dtpcs00491.o)
                0x0049fdc0                RegisterWindowMessageA@4
 .text          0x0049fdc8        0x8 c:/mingw/bin/../lib/gcc/mingw32/6.3.0/../../../libuser32.a(dtpcs00483.o)
                0x0049fdc8                RegisterClipboardFormatA@4
 .text          0x0049fdd0        0x8 c:/mingw/bin/../lib/gcc/mingw32/6.3.0/../../../libuser32.a(dtpcs00482.o)
                0x0049fdd0                RegisterClassW@4
 .text          0x0049fdd8        0x8 c:/mingw/bin/../lib/gcc/mingw32/6.3.0/../../../libuser32.a(dtpcs00479.o)
                0x0049fdd8                RegisterClassA@4
 .text          0x0049fde0        0x8 c:/mingw/bin/../lib/gcc/mingw32/6.3.0/../../../libuser32.a(dtpcs00468.o)
                0x0049fde0                PostQuitMessage@4
 .text          0x0049fde8        0x8 c:/mingw/bin/../lib/gcc/mingw32/6.3.0/../../../libuser32.a(dtpcs00466.o)
                0x0049fde8                PostMessageA@16
 .text          0x0049fdf0        0x8 c:/mingw/bin/../lib/gcc/mingw32/6.3.0/../../../libuser32.a(dtpcs00465.o)
                0x0049fdf0                PeekMessageW@20
 .text          0x0049fdf8        0x8 c:/mingw/bin/../lib/gcc/mingw32/6.3.0/../../../libuser32.a(dtpcs00464.o)
                0x0049fdf8                PeekMessageA@20
 .text          0x0049fe00        0x8 c:/mingw/bin/../lib/gcc/mingw32/6.3.0/../../../libuser32.a(dtpcs00455.o)
                0x0049fe00                OpenClipboard@4
 .text          0x0049fe08        0x8 c:/mingw/bin/../lib/gcc/mingw32/6.3.0/../../../libuser32.a(dtpcs00446.o)
                0x0049fe08                MsgWaitForMultipleObjects@20
 .text          0x0049fe10        0x8 c:/mingw/bin/../lib/gcc/mingw32/6.3.0/../../../libuser32.a(dtpcs00445.o)
                0x0049fe10                MoveWindow@24
 .text          0x0049fe18        0x8 c:/mingw/bin/../lib/gcc/mingw32/6.3.0/../../../libuser32.a(dtpcs00437.o)
                0x0049fe18                MessageBoxIndirectA@4
 .text          0x0049fe20        0x8 c:/mingw/bin/../lib/gcc/mingw32/6.3.0/../../../libuser32.a(dtpcs00434.o)
                0x0049fe20                MessageBoxA@16
 .text          0x0049fe28        0x8 c:/mingw/bin/../lib/gcc/mingw32/6.3.0/../../../libuser32.a(dtpcs00433.o)
                0x0049fe28                MessageBeep@4
 .text          0x0049fe30        0x8 c:/mingw/bin/../lib/gcc/mingw32/6.3.0/../../../libuser32.a(dtpcs00426.o)
                0x0049fe30                MapDialogRect@8
 .text          0x0049fe38        0x8 c:/mingw/bin/../lib/gcc/mingw32/6.3.0/../../../libuser32.a(dtpcs00411.o)
                0x0049fe38                LoadImageA@24
 .text          0x0049fe40        0x8 c:/mingw/bin/../lib/gcc/mingw32/6.3.0/../../../libuser32.a(dtpcs00409.o)
                0x0049fe40                LoadIconA@8
 .text          0x0049fe48        0x8 c:/mingw/bin/../lib/gcc/mingw32/6.3.0/../../../libuser32.a(dtpcs00405.o)
                0x0049fe48                LoadCursorA@8
 .text          0x0049fe50        0x8 c:/mingw/bin/../lib/gcc/mingw32/6.3.0/../../../libuser32.a(dtpcs00400.o)
                0x0049fe50                KillTimer@8
 .text          0x0049fe58        0x8 c:/mingw/bin/../lib/gcc/mingw32/6.3.0/../../../libuser32.a(dtpcs00398.o)
                0x0049fe58                IsZoomed@4
 .text          0x0049fe60        0x8 c:/mingw/bin/../lib/gcc/mingw32/6.3.0/../../../libuser32.a(dtpcs00394.o)
                0x0049fe60                IsWindow@4
 .text          0x0049fe68        0x8 c:/mingw/bin/../lib/gcc/mingw32/6.3.0/../../../libuser32.a(dtpcs00389.o)
                0x0049fe68                IsIconic@4
 .text          0x0049fe70        0x8 c:/mingw/bin/../lib/gcc/mingw32/6.3.0/../../../libuser32.a(dtpcs00386.o)
                0x0049fe70                IsDlgButtonChecked@8
 .text          0x0049fe78        0x8 c:/mingw/bin/../lib/gcc/mingw32/6.3.0/../../../libuser32.a(dtpcs00384.o)
                0x0049fe78                IsDialogMessageA@8
 .text          0x0049fe80        0x8 c:/mingw/bin/../lib/gcc/mingw32/6.3.0/../../../libuser32.a(dtpcs00370.o)
                0x0049fe80                InvalidateRect@12
 .text          0x0049fe88        0x8 c:/mingw/bin/../lib/gcc/mingw32/6.3.0/../../../libuser32.a(dtpcs00364.o)
                0x0049fe88                InsertMenuA@20
 .text          0x0049fe90        0x8 c:/mingw/bin/../lib/gcc/mingw32/6.3.0/../../../libuser32.a(dtpcs00358.o)
                0x0049fe90                HideCaret@4
 .text          0x0049fe98        0x8 c:/mingw/bin/../lib/gcc/mingw32/6.3.0/../../../libuser32.a(dtpcs00351.o)
                0x0049fe98                GetWindowTextLengthA@4
 .text          0x0049fea0        0x8 c:/mingw/bin/../lib/gcc/mingw32/6.3.0/../../../libuser32.a(dtpcs00350.o)
                0x0049fea0                GetWindowTextA@12
 .text          0x0049fea8        0x8 c:/mingw/bin/../lib/gcc/mingw32/6.3.0/../../../libuser32.a(dtpcs00348.o)
                0x0049fea8                GetWindowRect@8
 .text          0x0049feb0        0x8 c:/mingw/bin/../lib/gcc/mingw32/6.3.0/../../../libuser32.a(dtpcs00347.o)
                0x0049feb0                GetWindowPlacement@8
 .text          0x0049feb8        0x8 c:/mingw/bin/../lib/gcc/mingw32/6.3.0/../../../libuser32.a(dtpcs00342.o)
                0x0049feb8                GetWindowLongA@8
 .text          0x0049fec0        0x8 c:/mingw/bin/../lib/gcc/mingw32/6.3.0/../../../libuser32.a(dtpcs00325.o)
                0x0049fec0                GetSystemMenu@8
 .text          0x0049fec8        0x8 c:/mingw/bin/../lib/gcc/mingw32/6.3.0/../../../libuser32.a(dtpcs00323.o)
                0x0049fec8                GetSysColor@4
 .text          0x0049fed0        0x8 c:/mingw/bin/../lib/gcc/mingw32/6.3.0/../../../libuser32.a(dtpcs00318.o)
                0x0049fed0                GetScrollInfo@12
 .text          0x0049fed8        0x8 c:/mingw/bin/../lib/gcc/mingw32/6.3.0/../../../libuser32.a(dtpcs00310.o)
                0x0049fed8                GetQueueStatus@4
 .text          0x0049fee0        0x8 c:/mingw/bin/../lib/gcc/mingw32/6.3.0/../../../libuser32.a(dtpcs00304.o)
                0x0049fee0                GetParent@4
 .text          0x0049fee8        0x8 c:/mingw/bin/../lib/gcc/mingw32/6.3.0/../../../libuser32.a(dtpcs00296.o)
                0x0049fee8                GetMessageTime@0
 .text          0x0049fef0        0x8 c:/mingw/bin/../lib/gcc/mingw32/6.3.0/../../../libuser32.a(dtpcs00293.o)
                0x0049fef0                GetMessageA@16
 .text          0x0049fef8        0x8 c:/mingw/bin/../lib/gcc/mingw32/6.3.0/../../../libuser32.a(dtpcs00273.o)
                0x0049fef8                GetKeyboardState@4
 .text          0x0049ff00        0x8 c:/mingw/bin/../lib/gcc/mingw32/6.3.0/../../../libuser32.a(dtpcs00269.o)
                0x0049ff00                GetKeyboardLayout@4
 .text          0x0049ff08        0x8 c:/mingw/bin/../lib/gcc/mingw32/6.3.0/../../../libuser32.a(dtpcs00259.o)
                0x0049ff08                GetForegroundWindow@0
 .text          0x0049ff10        0x8 c:/mingw/bin/../lib/gcc/mingw32/6.3.0/../../../libuser32.a(dtpcs00257.o)
                0x0049ff10                GetDoubleClickTime@0
 .text          0x0049ff18        0x8 c:/mingw/bin/../lib/gcc/mingw32/6.3.0/../../../libuser32.a(dtpcs00255.o)
                0x0049ff18                GetDlgItemTextA@16